// Jest Snapshot v1, https://goo.gl/fbAQLP

exports[`onNext event 1`] = `
<div>
  <styled.div
    key="month-3"
  >
    <styled.div>
      <styled.div>
        <styled.button
          onClick={[Function]}
        >
          Prev
        </styled.button>
      </styled.div>
      <styled.span>
        Apr 2018
      </styled.span>
      <styled.div
        rightArrow={true}
      >
        <styled.button
          onClick={[Function]}
        >
          Next
        </styled.button>
      </styled.div>
    </styled.div>
    <styled.div>
      <styled.div
        key="day-name-0"
      >
        Mon
      </styled.div>
      <styled.div
        key="day-name-1"
      >
        Tues
      </styled.div>
      <styled.div
        key="day-name-2"
      >
        Weds
      </styled.div>
      <styled.div
        key="day-name-3"
      >
        Thurs
      </styled.div>
      <styled.div
        key="day-name-4"
      >
        Fri
      </styled.div>
      <styled.div
        key="day-name-5"
      >
        Sat
      </styled.div>
      <styled.div
        key="day-name-6"
      >
        Sun
      </styled.div>
      <styled.div
        key="day-91"
        offset={7}
        onClick={[Function]}
      >
        <styled.button>
          1
        </styled.button>
      </styled.div>
      <styled.div
        key="day-92"
        onClick={[Function]}
      >
        <styled.button>
          2
        </styled.button>
      </styled.div>
      <styled.div
        key="day-93"
        onClick={[Function]}
      >
        <styled.button>
          3
        </styled.button>
      </styled.div>
      <styled.div
        key="day-94"
        onClick={[Function]}
      >
        <styled.button>
          4
        </styled.button>
      </styled.div>
      <styled.div
        key="day-95"
        onClick={[Function]}
      >
        <styled.button>
          5
        </styled.button>
      </styled.div>
      <styled.div
        key="day-96"
        onClick={[Function]}
      >
        <styled.button>
          6
        </styled.button>
      </styled.div>
      <styled.div
        key="day-97"
        onClick={[Function]}
      >
        <styled.button>
          7
        </styled.button>
      </styled.div>
      <styled.div
        key="day-98"
        onClick={[Function]}
      >
        <styled.button>
          8
        </styled.button>
      </styled.div>
      <styled.div
        key="day-99"
        onClick={[Function]}
      >
        <styled.button>
          9
        </styled.button>
      </styled.div>
      <styled.div
        key="day-100"
        onClick={[Function]}
      >
        <styled.button>
          10
        </styled.button>
      </styled.div>
      <styled.div
        key="day-101"
        onClick={[Function]}
      >
        <styled.button>
          11
        </styled.button>
      </styled.div>
      <styled.div
        key="day-102"
        onClick={[Function]}
      >
        <styled.button>
          12
        </styled.button>
      </styled.div>
      <styled.div
        key="day-103"
        onClick={[Function]}
      >
        <styled.button>
          13
        </styled.button>
      </styled.div>
      <styled.div
        key="day-104"
        onClick={[Function]}
      >
        <styled.button>
          14
        </styled.button>
      </styled.div>
      <styled.div
        key="day-105"
        onClick={[Function]}
      >
        <styled.button>
          15
        </styled.button>
      </styled.div>
      <styled.div
        key="day-106"
        onClick={[Function]}
      >
        <styled.button>
          16
        </styled.button>
      </styled.div>
      <styled.div
        key="day-107"
        onClick={[Function]}
      >
        <styled.button>
          17
        </styled.button>
      </styled.div>
      <styled.div
        key="day-108"
        onClick={[Function]}
      >
        <styled.button>
          18
        </styled.button>
      </styled.div>
      <styled.div
        key="day-109"
        onClick={[Function]}
      >
        <styled.button>
          19
        </styled.button>
      </styled.div>
      <styled.div
        key="day-110"
        onClick={[Function]}
      >
        <styled.button>
          20
        </styled.button>
      </styled.div>
      <styled.div
        key="day-111"
        onClick={[Function]}
      >
        <styled.button>
          21
        </styled.button>
      </styled.div>
      <styled.div
        key="day-112"
        onClick={[Function]}
      >
        <styled.button>
          22
        </styled.button>
      </styled.div>
      <styled.div
        key="day-113"
        onClick={[Function]}
      >
        <styled.button>
          23
        </styled.button>
      </styled.div>
      <styled.div
        key="day-114"
        onClick={[Function]}
      >
        <styled.button>
          24
        </styled.button>
      </styled.div>
      <styled.div
        key="day-115"
        onClick={[Function]}
      >
        <styled.button>
          25
        </styled.button>
      </styled.div>
      <styled.div
        key="day-116"
        onClick={[Function]}
      >
        <styled.button>
          26
        </styled.button>
      </styled.div>
      <styled.div
        key="day-117"
        onClick={[Function]}
      >
        <styled.button>
          27
        </styled.button>
      </styled.div>
      <styled.div
        key="day-118"
        onClick={[Function]}
      >
        <styled.button>
          28
        </styled.button>
      </styled.div>
      <styled.div
        key="day-119"
        onClick={[Function]}
      >
        <styled.button>
          29
        </styled.button>
      </styled.div>
      <styled.div
        key="day-120"
        onClick={[Function]}
      >
        <styled.button>
          30
        </styled.button>
      </styled.div>
    </styled.div>
  </styled.div>
</div>
`;

exports[`onPrevious event 1`] = `
<div>
  <styled.div
    key="month-2"
  >
    <styled.div>
      <styled.div>
        <styled.button
          onClick={[Function]}
        >
          Prev
        </styled.button>
      </styled.div>
      <styled.span>
        Mar 2018
      </styled.span>
      <styled.div
        rightArrow={true}
      >
        <styled.button
          onClick={[Function]}
        >
          Next
        </styled.button>
      </styled.div>
    </styled.div>
    <styled.div>
      <styled.div
        key="day-name-0"
      >
        Mon
      </styled.div>
      <styled.div
        key="day-name-1"
      >
        Tues
      </styled.div>
      <styled.div
        key="day-name-2"
      >
        Weds
      </styled.div>
      <styled.div
        key="day-name-3"
      >
        Thurs
      </styled.div>
      <styled.div
        key="day-name-4"
      >
        Fri
      </styled.div>
      <styled.div
        key="day-name-5"
      >
        Sat
      </styled.div>
      <styled.div
        key="day-name-6"
      >
        Sun
      </styled.div>
      <styled.div
        key="day-60"
        offset={4}
        onClick={[Function]}
      >
        <styled.button>
          1
        </styled.button>
      </styled.div>
      <styled.div
        key="day-61"
        onClick={[Function]}
      >
        <styled.button>
          2
        </styled.button>
      </styled.div>
      <styled.div
        key="day-62"
        onClick={[Function]}
      >
        <styled.button>
          3
        </styled.button>
      </styled.div>
      <styled.div
        key="day-63"
        onClick={[Function]}
      >
        <styled.button>
          4
        </styled.button>
      </styled.div>
      <styled.div
        key="day-64"
        onClick={[Function]}
      >
        <styled.button>
          5
        </styled.button>
      </styled.div>
      <styled.div
        key="day-65"
        onClick={[Function]}
      >
        <styled.button>
          6
        </styled.button>
      </styled.div>
      <styled.div
        key="day-66"
        onClick={[Function]}
      >
        <styled.button>
          7
        </styled.button>
      </styled.div>
      <styled.div
        key="day-67"
        onClick={[Function]}
      >
        <styled.button>
          8
        </styled.button>
      </styled.div>
      <styled.div
        key="day-68"
        onClick={[Function]}
      >
        <styled.button>
          9
        </styled.button>
      </styled.div>
      <styled.div
        key="day-69"
        onClick={[Function]}
      >
        <styled.button>
          10
        </styled.button>
      </styled.div>
      <styled.div
        key="day-70"
        onClick={[Function]}
      >
        <styled.button>
          11
        </styled.button>
      </styled.div>
      <styled.div
        key="day-71"
        onClick={[Function]}
      >
        <styled.button>
          12
        </styled.button>
      </styled.div>
      <styled.div
        key="day-72"
        onClick={[Function]}
      >
        <styled.button>
          13
        </styled.button>
      </styled.div>
      <styled.div
        key="day-73"
        onClick={[Function]}
      >
        <styled.button>
          14
        </styled.button>
      </styled.div>
      <styled.div
        key="day-74"
        onClick={[Function]}
      >
        <styled.button>
          15
        </styled.button>
      </styled.div>
      <styled.div
        key="day-75"
        onClick={[Function]}
      >
        <styled.button>
          16
        </styled.button>
      </styled.div>
      <styled.div
        key="day-76"
        onClick={[Function]}
      >
        <styled.button>
          17
        </styled.button>
      </styled.div>
      <styled.div
        key="day-77"
        onClick={[Function]}
      >
        <styled.button>
          18
        </styled.button>
      </styled.div>
      <styled.div
        key="day-78"
        onClick={[Function]}
      >
        <styled.button>
          19
        </styled.button>
      </styled.div>
      <styled.div
        key="day-79"
        onClick={[Function]}
      >
        <styled.button>
          20
        </styled.button>
      </styled.div>
      <styled.div
        key="day-80"
        onClick={[Function]}
      >
        <styled.button>
          21
        </styled.button>
      </styled.div>
      <styled.div
        key="day-81"
        onClick={[Function]}
      >
        <styled.button>
          22
        </styled.button>
      </styled.div>
      <styled.div
        key="day-82"
        onClick={[Function]}
      >
        <styled.button>
          23
        </styled.button>
      </styled.div>
      <styled.div
        key="day-83"
        onClick={[Function]}
      >
        <styled.button>
          24
        </styled.button>
      </styled.div>
      <styled.div
        key="day-84"
        onClick={[Function]}
      >
        <styled.button>
          25
        </styled.button>
      </styled.div>
      <styled.div
        key="day-85"
        onClick={[Function]}
      >
        <styled.button>
          26
        </styled.button>
      </styled.div>
      <styled.div
        key="day-86"
        onClick={[Function]}
      >
        <styled.button>
          27
        </styled.button>
      </styled.div>
      <styled.div
        key="day-87"
        onClick={[Function]}
      >
        <styled.button>
          28
        </styled.button>
      </styled.div>
      <styled.div
        key="day-88"
        onClick={[Function]}
      >
        <styled.button>
          29
        </styled.button>
      </styled.div>
      <styled.div
        key="day-89"
        onClick={[Function]}
      >
        <styled.button>
          30
        </styled.button>
      </styled.div>
      <styled.div
        key="day-90"
        onClick={[Function]}
      >
        <styled.button>
          31
        </styled.button>
      </styled.div>
    </styled.div>
  </styled.div>
</div>
`;

exports[`renders and matches snapshot 1`] = `
<div>
  <styled.div
    key="month-3"
  >
    <styled.div>
      <styled.div>
        <styled.button
          onClick={[Function]}
        >
          Prev
        </styled.button>
      </styled.div>
      <styled.span>
        Apr 2018
      </styled.span>
      <styled.div
        rightArrow={true}
      >
        <styled.button
          onClick={[Function]}
        >
          Next
        </styled.button>
      </styled.div>
    </styled.div>
    <styled.div>
      <styled.div
        key="day-name-0"
      >
        Mon
      </styled.div>
      <styled.div
        key="day-name-1"
      >
        Tues
      </styled.div>
      <styled.div
        key="day-name-2"
      >
        Weds
      </styled.div>
      <styled.div
        key="day-name-3"
      >
        Thurs
      </styled.div>
      <styled.div
        key="day-name-4"
      >
        Fri
      </styled.div>
      <styled.div
        key="day-name-5"
      >
        Sat
      </styled.div>
      <styled.div
        key="day-name-6"
      >
        Sun
      </styled.div>
      <styled.div
        key="day-91"
        offset={7}
        onClick={[Function]}
      >
        <styled.button>
          1
        </styled.button>
      </styled.div>
      <styled.div
        key="day-92"
        onClick={[Function]}
      >
        <styled.button>
          2
        </styled.button>
      </styled.div>
      <styled.div
        key="day-93"
        onClick={[Function]}
      >
        <styled.button>
          3
        </styled.button>
      </styled.div>
      <styled.div
        key="day-94"
        onClick={[Function]}
      >
        <styled.button>
          4
        </styled.button>
      </styled.div>
      <styled.div
        key="day-95"
        onClick={[Function]}
      >
        <styled.button>
          5
        </styled.button>
      </styled.div>
      <styled.div
        key="day-96"
        onClick={[Function]}
      >
        <styled.button>
          6
        </styled.button>
      </styled.div>
      <styled.div
        key="day-97"
        onClick={[Function]}
      >
        <styled.button>
          7
        </styled.button>
      </styled.div>
      <styled.div
        key="day-98"
        onClick={[Function]}
      >
        <styled.button>
          8
        </styled.button>
      </styled.div>
      <styled.div
        key="day-99"
        onClick={[Function]}
      >
        <styled.button>
          9
        </styled.button>
      </styled.div>
      <styled.div
        key="day-100"
        onClick={[Function]}
      >
        <styled.button>
          10
        </styled.button>
      </styled.div>
      <styled.div
        key="day-101"
        onClick={[Function]}
      >
        <styled.button>
          11
        </styled.button>
      </styled.div>
      <styled.div
        key="day-102"
        onClick={[Function]}
      >
        <styled.button>
          12
        </styled.button>
      </styled.div>
      <styled.div
        key="day-103"
        onClick={[Function]}
      >
        <styled.button>
          13
        </styled.button>
      </styled.div>
      <styled.div
        key="day-104"
        onClick={[Function]}
      >
        <styled.button>
          14
        </styled.button>
      </styled.div>
      <styled.div
        key="day-105"
        onClick={[Function]}
      >
        <styled.button>
          15
        </styled.button>
      </styled.div>
      <styled.div
        key="day-106"
        onClick={[Function]}
      >
        <styled.button>
          16
        </styled.button>
      </styled.div>
      <styled.div
        key="day-107"
        onClick={[Function]}
      >
        <styled.button>
          17
        </styled.button>
      </styled.div>
      <styled.div
        key="day-108"
        onClick={[Function]}
      >
        <styled.button>
          18
        </styled.button>
      </styled.div>
      <styled.div
        key="day-109"
        onClick={[Function]}
      >
        <styled.button>
          19
        </styled.button>
      </styled.div>
      <styled.div
        key="day-110"
        onClick={[Function]}
      >
        <styled.button>
          20
        </styled.button>
      </styled.div>
      <styled.div
        key="day-111"
        onClick={[Function]}
      >
        <styled.button>
          21
        </styled.button>
      </styled.div>
      <styled.div
        key="day-112"
        onClick={[Function]}
      >
        <styled.button>
          22
        </styled.button>
      </styled.div>
      <styled.div
        key="day-113"
        onClick={[Function]}
      >
        <styled.button>
          23
        </styled.button>
      </styled.div>
      <styled.div
        key="day-114"
        onClick={[Function]}
      >
        <styled.button>
          24
        </styled.button>
      </styled.div>
      <styled.div
        key="day-115"
        onClick={[Function]}
      >
        <styled.button>
          25
        </styled.button>
      </styled.div>
      <styled.div
        key="day-116"
        onClick={[Function]}
      >
        <styled.button>
          26
        </styled.button>
      </styled.div>
      <styled.div
        key="day-117"
        onClick={[Function]}
      >
        <styled.button>
          27
        </styled.button>
      </styled.div>
      <styled.div
        key="day-118"
        onClick={[Function]}
      >
        <styled.button>
          28
        </styled.button>
      </styled.div>
      <styled.div
        key="day-119"
        onClick={[Function]}
      >
        <styled.button>
          29
        </styled.button>
      </styled.div>
      <styled.div
        key="day-120"
        onClick={[Function]}
      >
        <styled.button>
          30
        </styled.button>
      </styled.div>
    </styled.div>
  </styled.div>
</div>
`;
